// Jest Snapshot v1, https://goo.gl/fbAQLP

exports[`Web Acl rule default group testing Should match snapshot 1`] = `
{
  "Parameters": {
    "BootstrapVersion": {
      "Default": "/cdk-bootstrap/hnb659fds/version",
      "Description": "Version of the CDK Bootstrap resources in this environment, automatically retrieved from SSM Parameter Store. [cdk:skip]",
      "Type": "AWS::SSM::Parameter::Value<String>",
    },
  },
  "Resources": {
    "WebACL": {
      "Properties": {
        "DefaultAction": {
          "Allow": {},
        },
        "Name": "WebAclWithCustomRules",
        "Rules": [
          {
            "Action": {
              "Block": {},
            },
            "Name": "block-rate-limit-rule",
            "Priority": 1,
            "Statement": {
              "RateBasedStatement": {
                "AggregateKeyType": "IP",
                "Limit": 100,
              },
            },
            "VisibilityConfig": {
              "CloudWatchMetricsEnabled": true,
              "MetricName": "BlockRateLimitRuleMetric",
              "SampledRequestsEnabled": true,
            },
          },
        ],
        "Scope": "CLOUD_FRONT",
        "VisibilityConfig": {
          "CloudWatchMetricsEnabled": true,
          "MetricName": "WebAclMetric",
          "SampledRequestsEnabled": true,
        },
      },
      "Type": "AWS::WAFv2::WebACL",
    },
  },
  "Rules": {
    "CheckBootstrapVersion": {
      "Assertions": [
        {
          "Assert": {
            "Fn::Not": [
              {
                "Fn::Contains": [
                  [
                    "1",
                    "2",
                    "3",
                    "4",
                    "5",
                  ],
                  {
                    "Ref": "BootstrapVersion",
                  },
                ],
              },
            ],
          },
          "AssertDescription": "CDK bootstrap stack version 6 required. Please run 'cdk bootstrap' with a recent version of the CDK CLI.",
        },
      ],
    },
  },
}
`;
